// Jest Snapshot v1, https://goo.gl/fbAQLP

exports[`Testing render FavoriteItem Correct data 1`] = `
<div
  className="FavoriteItem"
>
  <WeatherData
    isMain={false}
    value={
      Object {
        "CityName": "Kiev",
        "Cod": 200,
        "Humidity": 93,
        "Icon": "09n",
        "Latitude": 50.43,
        "Longitude": 30.52,
        "Pressure": 1014,
        "Temperature": 2.98,
        "Weather": "light intensity drizzle",
        "Wind": 4,
      }
    }
  />
</div>
`;

exports[`Testing render FavoriteItem Loading 1`] = `
<div
  className="FavoriteItem"
>
  <WeatherData
    isMain={false}
    value={Object {}}
  />
</div>
`;
