// Jest Snapshot v1, https://goo.gl/fbAQLP

exports[`Testing render MainWeather Empty 1`] = `
<div
  className="spinner-border text-danger"
  role="status"
>
  <span
    className="sr-only"
  >
    Loading...
  </span>
</div>
`;

exports[`Testing render MainWeather Loading 1`] = `
<div
  className="spinner-border text-danger"
  role="status"
>
  <span
    className="sr-only"
  >
    Loading...
  </span>
</div>
`;

exports[`Testing render MainWeather No access 1`] = `
<div>
  <h1>
    Access error
  </h1>
</div>
`;

exports[`Testing render MainWeather Success 1`] = `
<div
  className="UpperWeather"
>
  <button
    className="btn btn-secondary"
    onClick={[Function]}
    type="button"
  >
    Refresh geolocation
  </button>
  <div
    className="TopCityWeather"
  >
    <WeatherData
      isMain={true}
      value={
        Object {
          "CityName": "Kiev",
          "Cod": 200,
          "Humidity": 93,
          "Icon": "09n",
          "Latitude": 50.43,
          "Longitude": 30.52,
          "Pressure": 1014,
          "Temperature": 2.98,
          "Weather": "light intensity drizzle",
          "Wind": 4,
        }
      }
    />
  </div>
</div>
`;
